// Jest Snapshot v1, https://goo.gl/fbAQLP

exports[`add account component shows account form 1`] = `"<form><h1>Add new account</h1><div class=\\"form-input\\"><label><strong>First Name:</strong> <input value=\\"\\"></label></div><div class=\\"form-input\\"><label><strong>Username:</strong> <input value=\\"\\"></label></div><div class=\\"form-input\\"><label><strong>Email:</strong> <input value=\\"\\"></label></div><div class=\\"form-input\\"><label><strong>Password:</strong> <input value=\\"\\"></label></div><div><button>Submit</button></div></form>"`;
