// Jest Snapshot v1, https://goo.gl/fbAQLP

exports[`add article component shows article form 1`] = `"<div><form><h1>Add new article</h1><div class=\\"form-input\\"><label><strong>Title:</strong> <input value=\\"\\"></label></div><div class=\\"form-input\\"><label><strong>Topics:</strong> <input value=\\"\\"></label></div><div class=\\"form-input\\"><label><strong>Author:</strong> <input value=\\"\\"></label></div><strong>Text area:</strong><textarea></textarea><div><button>Submit</button></div></form></div>"`;
