// Jest Snapshot v1, https://goo.gl/fbAQLP

exports[`ListArticle component shows loading screen 1`] = `"<div>Loading...</div>"`;
