// Jest Snapshot v1, https://goo.gl/fbAQLP

exports[`update article shows update article form 1`] = `"<div><form><h1>Update your article (Only School account)</h1><div class=\\"form-input\\"><label><strong>which article? Title:</strong> <input value=\\"\\"></label></div><div class=\\"form-input\\"><label><strong>Topics:</strong> <input value=\\"\\"></label></div><div class=\\"form-input\\"><label><strong>Author:</strong> <input value=\\"\\"></label></div><strong>Text area:</strong><textarea></textarea><div><button>Submit</button></div></form></div>"`;
